------------------------------------------------------------
Timing Analyzer Summary
------------------------------------------------------------

Type  : Slow 1200mV 85C Model Setup 'Frequency_Scaling:inst2|adc_clk_out'
Slack : -1.928
TNS   : -63.967

Type  : Slow 1200mV 85C Model Setup 'clk'
Slack : -1.083
TNS   : -1.095

Type  : Slow 1200mV 85C Model Hold 'Frequency_Scaling:inst2|adc_clk_out'
Slack : 0.343
TNS   : 0.000

Type  : Slow 1200mV 85C Model Hold 'clk'
Slack : 0.356
TNS   : 0.000

Type  : Slow 1200mV 85C Model Minimum Pulse Width 'clk'
Slack : -3.000
TNS   : -7.000

Type  : Slow 1200mV 85C Model Minimum Pulse Width 'Frequency_Scaling:inst2|adc_clk_out'
Slack : -1.000
TNS   : -46.000

Type  : Slow 1200mV 0C Model Setup 'Frequency_Scaling:inst2|adc_clk_out'
Slack : -1.654
TNS   : -53.262

Type  : Slow 1200mV 0C Model Setup 'clk'
Slack : -0.997
TNS   : -0.997

Type  : Slow 1200mV 0C Model Hold 'Frequency_Scaling:inst2|adc_clk_out'
Slack : 0.300
TNS   : 0.000

Type  : Slow 1200mV 0C Model Hold 'clk'
Slack : 0.311
TNS   : 0.000

Type  : Slow 1200mV 0C Model Minimum Pulse Width 'clk'
Slack : -3.000
TNS   : -7.000

Type  : Slow 1200mV 0C Model Minimum Pulse Width 'Frequency_Scaling:inst2|adc_clk_out'
Slack : -1.000
TNS   : -46.000

Type  : Fast 1200mV 0C Model Setup 'Frequency_Scaling:inst2|adc_clk_out'
Slack : -0.655
TNS   : -16.074

Type  : Fast 1200mV 0C Model Setup 'clk'
Slack : -0.169
TNS   : -0.169

Type  : Fast 1200mV 0C Model Hold 'Frequency_Scaling:inst2|adc_clk_out'
Slack : 0.179
TNS   : 0.000

Type  : Fast 1200mV 0C Model Hold 'clk'
Slack : 0.185
TNS   : 0.000

Type  : Fast 1200mV 0C Model Minimum Pulse Width 'clk'
Slack : -3.000
TNS   : -7.388

Type  : Fast 1200mV 0C Model Minimum Pulse Width 'Frequency_Scaling:inst2|adc_clk_out'
Slack : -1.000
TNS   : -46.000

------------------------------------------------------------
