------------------------------------------------------------
Timing Analyzer Summary
------------------------------------------------------------

Type  : Slow 1200mV 85C Model Setup 'UART_Tx_Wrapper:u_UART_Tx_Wrapper|Frequency_Scaling:u_Frequency_Scaling|adc_clk_out'
Slack : -2.265
TNS   : -73.367

Type  : Slow 1200mV 85C Model Setup 'clk_50M'
Slack : -1.028
TNS   : -1.039

Type  : Slow 1200mV 85C Model Hold 'UART_Tx_Wrapper:u_UART_Tx_Wrapper|Frequency_Scaling:u_Frequency_Scaling|adc_clk_out'
Slack : 0.343
TNS   : 0.000

Type  : Slow 1200mV 85C Model Hold 'clk_50M'
Slack : 0.356
TNS   : 0.000

Type  : Slow 1200mV 85C Model Minimum Pulse Width 'clk_50M'
Slack : -3.000
TNS   : -7.000

Type  : Slow 1200mV 85C Model Minimum Pulse Width 'UART_Tx_Wrapper:u_UART_Tx_Wrapper|Frequency_Scaling:u_Frequency_Scaling|adc_clk_out'
Slack : -1.000
TNS   : -51.000

Type  : Slow 1200mV 0C Model Setup 'UART_Tx_Wrapper:u_UART_Tx_Wrapper|Frequency_Scaling:u_Frequency_Scaling|adc_clk_out'
Slack : -1.913
TNS   : -59.999

Type  : Slow 1200mV 0C Model Setup 'clk_50M'
Slack : -0.930
TNS   : -0.930

Type  : Slow 1200mV 0C Model Hold 'UART_Tx_Wrapper:u_UART_Tx_Wrapper|Frequency_Scaling:u_Frequency_Scaling|adc_clk_out'
Slack : 0.299
TNS   : 0.000

Type  : Slow 1200mV 0C Model Hold 'clk_50M'
Slack : 0.312
TNS   : 0.000

Type  : Slow 1200mV 0C Model Minimum Pulse Width 'clk_50M'
Slack : -3.000
TNS   : -7.000

Type  : Slow 1200mV 0C Model Minimum Pulse Width 'UART_Tx_Wrapper:u_UART_Tx_Wrapper|Frequency_Scaling:u_Frequency_Scaling|adc_clk_out'
Slack : -1.000
TNS   : -51.000

Type  : Fast 1200mV 0C Model Setup 'UART_Tx_Wrapper:u_UART_Tx_Wrapper|Frequency_Scaling:u_Frequency_Scaling|adc_clk_out'
Slack : -0.826
TNS   : -20.191

Type  : Fast 1200mV 0C Model Setup 'clk_50M'
Slack : -0.149
TNS   : -0.149

Type  : Fast 1200mV 0C Model Hold 'UART_Tx_Wrapper:u_UART_Tx_Wrapper|Frequency_Scaling:u_Frequency_Scaling|adc_clk_out'
Slack : 0.178
TNS   : 0.000

Type  : Fast 1200mV 0C Model Hold 'clk_50M'
Slack : 0.185
TNS   : 0.000

Type  : Fast 1200mV 0C Model Minimum Pulse Width 'clk_50M'
Slack : -3.000
TNS   : -7.388

Type  : Fast 1200mV 0C Model Minimum Pulse Width 'UART_Tx_Wrapper:u_UART_Tx_Wrapper|Frequency_Scaling:u_Frequency_Scaling|adc_clk_out'
Slack : -1.000
TNS   : -51.000

------------------------------------------------------------
